This is pdfTeX, Version 3.141592653-2.6-1.40.25 (TeX Live 2023/Debian) (preloaded format=pdflatex 2025.10.16)  16 OCT 2025 18:28
entering extended mode
 restricted \write18 enabled.
 %&-line parsing enabled.
**arith_no_incomplete_symbols_p.tex
(./arith_no_incomplete_symbols_p.tex
LaTeX2e <2023-11-01> patch level 1
L3 programming layer <2024-01-22>
(/usr/share/texlive/texmf-dist/tex/latex/base/article.cls
Document Class: article 2023/05/17 v1.4n Standard LaTeX document class
(/usr/share/texlive/texmf-dist/tex/latex/base/size12.clo
File: size12.clo 2023/05/17 v1.4n Standard LaTeX file (size option)
)
\c@part=\count187
\c@section=\count188
\c@subsection=\count189
\c@subsubsection=\count190
\c@paragraph=\count191
\c@subparagraph=\count192
\c@figure=\count193
\c@table=\count194
\abovecaptionskip=\skip48
\belowcaptionskip=\skip49
\bibindent=\dimen140
)
(/home/dennis/src/principia/principia-master/principia.sty

LaTeX Warning: You have requested package `/home/dennis/src/principia/principia
-master/principia',
               but the package provides `principia'.

Package: principia 2025/01/30 principia package version 3.2
(/usr/share/texlive/texmf-dist/tex/latex/amsfonts/amssymb.sty
Package: amssymb 2013/01/14 v3.01 AMS font symbols

(/usr/share/texlive/texmf-dist/tex/latex/amsfonts/amsfonts.sty
Package: amsfonts 2013/01/14 v3.01 Basic AMSFonts support
\@emptytoks=\toks17
\symAMSa=\mathgroup4
\symAMSb=\mathgroup5
LaTeX Font Info:    Redeclaring math symbol \hbar on input line 98.
LaTeX Font Info:    Overwriting math alphabet `\mathfrak' in version `bold'
(Font)                  U/euf/m/n --> U/euf/b/n on input line 106.
))
(/usr/share/texlive/texmf-dist/tex/latex/amsmath/amsmath.sty
Package: amsmath 2023/05/13 v2.17o AMS math features
\@mathmargin=\skip50

For additional information on amsmath, use the `?' option.
(/usr/share/texlive/texmf-dist/tex/latex/amsmath/amstext.sty
Package: amstext 2021/08/26 v2.01 AMS text

(/usr/share/texlive/texmf-dist/tex/latex/amsmath/amsgen.sty
File: amsgen.sty 1999/11/30 v2.0 generic functions
\@emptytoks=\toks18
\ex@=\dimen141
))
(/usr/share/texlive/texmf-dist/tex/latex/amsmath/amsbsy.sty
Package: amsbsy 1999/11/29 v1.2d Bold Symbols
\pmbraise@=\dimen142
)
(/usr/share/texlive/texmf-dist/tex/latex/amsmath/amsopn.sty
Package: amsopn 2022/04/08 v2.04 operator names
)
\inf@bad=\count195
LaTeX Info: Redefining \frac on input line 234.
\uproot@=\count196
\leftroot@=\count197
LaTeX Info: Redefining \overline on input line 399.
LaTeX Info: Redefining \colon on input line 410.
\classnum@=\count198
\DOTSCASE@=\count199
LaTeX Info: Redefining \ldots on input line 496.
LaTeX Info: Redefining \dots on input line 499.
LaTeX Info: Redefining \cdots on input line 620.
\Mathstrutbox@=\box51
\strutbox@=\box52
LaTeX Info: Redefining \big on input line 722.
LaTeX Info: Redefining \Big on input line 723.
LaTeX Info: Redefining \bigg on input line 724.
LaTeX Info: Redefining \Bigg on input line 725.
\big@size=\dimen143
LaTeX Font Info:    Redeclaring font encoding OML on input line 743.
LaTeX Font Info:    Redeclaring font encoding OMS on input line 744.
\macc@depth=\count266
LaTeX Info: Redefining \bmod on input line 905.
LaTeX Info: Redefining \pmod on input line 910.
LaTeX Info: Redefining \smash on input line 940.
LaTeX Info: Redefining \relbar on input line 970.
LaTeX Info: Redefining \Relbar on input line 971.
\c@MaxMatrixCols=\count267
\dotsspace@=\muskip16
\c@parentequation=\count268
\dspbrk@lvl=\count269
\tag@help=\toks19
\row@=\count270
\column@=\count271
\maxfields@=\count272
\andhelp@=\toks20
\eqnshift@=\dimen144
\alignsep@=\dimen145
\tagshift@=\dimen146
\tagwidth@=\dimen147
\totwidth@=\dimen148
\lineht@=\dimen149
\@envbody=\toks21
\multlinegap=\skip51
\multlinetaggap=\skip52
\mathdisplay@stack=\toks22
LaTeX Info: Redefining \[ on input line 2953.
LaTeX Info: Redefining \] on input line 2954.
)
(/usr/share/texlive/texmf-dist/tex/latex/graphics/graphicx.sty
Package: graphicx 2021/09/16 v1.2d Enhanced LaTeX Graphics (DPC,SPQR)

(/usr/share/texlive/texmf-dist/tex/latex/graphics/keyval.sty
Package: keyval 2022/05/29 v1.15 key=value parser (DPC)
\KV@toks@=\toks23
)
(/usr/share/texlive/texmf-dist/tex/latex/graphics/graphics.sty
Package: graphics 2022/03/10 v1.4e Standard LaTeX Graphics (DPC,SPQR)

(/usr/share/texlive/texmf-dist/tex/latex/graphics/trig.sty
Package: trig 2021/08/11 v1.11 sin cos tan (DPC)
)
(/usr/share/texlive/texmf-dist/tex/latex/graphics-cfg/graphics.cfg
File: graphics.cfg 2016/06/04 v1.11 sample graphics configuration
)
Package graphics Info: Driver file: pdftex.def on input line 107.

(/usr/share/texlive/texmf-dist/tex/latex/graphics-def/pdftex.def
File: pdftex.def 2022/09/22 v1.2b Graphics/color driver for pdftex
))
\Gin@req@height=\dimen150
\Gin@req@width=\dimen151
)
(/usr/share/texlive/texmf-dist/tex/latex/psnfss/pifont.sty
Package: pifont 2020/03/25 PSNFSS-v9.3 Pi font support (SPQR) 
LaTeX Font Info:    Trying to load font information for U+pzd on input line 63.


(/usr/share/texlive/texmf-dist/tex/latex/psnfss/upzd.fd
File: upzd.fd 2001/06/04 font definitions for U/pzd.
)
LaTeX Font Info:    Trying to load font information for U+psy on input line 64.


(/usr/share/texlive/texmf-dist/tex/latex/psnfss/upsy.fd
File: upsy.fd 2001/06/04 font definitions for U/psy.
)))
(/usr/share/texlive/texmf-dist/tex/latex/hyperref/hyperref.sty
Package: hyperref 2024-01-20 v7.01h Hypertext links for LaTeX

(/usr/share/texlive/texmf-dist/tex/generic/iftex/iftex.sty
Package: iftex 2022/02/03 v1.0f TeX engine tests
)
(/usr/share/texlive/texmf-dist/tex/latex/kvsetkeys/kvsetkeys.sty
Package: kvsetkeys 2022-10-05 v1.19 Key value parser (HO)
)
(/usr/share/texlive/texmf-dist/tex/generic/kvdefinekeys/kvdefinekeys.sty
Package: kvdefinekeys 2019-12-19 v1.6 Define keys (HO)
)
(/usr/share/texlive/texmf-dist/tex/generic/pdfescape/pdfescape.sty
Package: pdfescape 2019/12/09 v1.15 Implements pdfTeX's escape features (HO)

(/usr/share/texlive/texmf-dist/tex/generic/ltxcmds/ltxcmds.sty
Package: ltxcmds 2023-12-04 v1.26 LaTeX kernel commands for general use (HO)
)
(/usr/share/texlive/texmf-dist/tex/generic/pdftexcmds/pdftexcmds.sty
Package: pdftexcmds 2020-06-27 v0.33 Utility functions of pdfTeX for LuaTeX (HO
)

(/usr/share/texlive/texmf-dist/tex/generic/infwarerr/infwarerr.sty
Package: infwarerr 2019/12/03 v1.5 Providing info/warning/error messages (HO)
)
Package pdftexcmds Info: \pdf@primitive is available.
Package pdftexcmds Info: \pdf@ifprimitive is available.
Package pdftexcmds Info: \pdfdraftmode found.
))
(/usr/share/texlive/texmf-dist/tex/latex/hycolor/hycolor.sty
Package: hycolor 2020-01-27 v1.10 Color options for hyperref/bookmark (HO)
)
(/usr/share/texlive/texmf-dist/tex/latex/auxhook/auxhook.sty
Package: auxhook 2019-12-17 v1.6 Hooks for auxiliary files (HO)
)
(/usr/share/texlive/texmf-dist/tex/latex/hyperref/nameref.sty
Package: nameref 2023-11-26 v2.56 Cross-referencing by name of section

(/usr/share/texlive/texmf-dist/tex/latex/refcount/refcount.sty
Package: refcount 2019/12/15 v3.6 Data extraction from label references (HO)
)
(/usr/share/texlive/texmf-dist/tex/generic/gettitlestring/gettitlestring.sty
Package: gettitlestring 2019/12/15 v1.6 Cleanup title references (HO)

(/usr/share/texlive/texmf-dist/tex/latex/kvoptions/kvoptions.sty
Package: kvoptions 2022-06-15 v3.15 Key value format for package options (HO)
))
\c@section@level=\count273
)
(/usr/share/texlive/texmf-dist/tex/latex/etoolbox/etoolbox.sty
Package: etoolbox 2020/10/05 v2.5k e-TeX tools for LaTeX (JAW)
\etb@tempcnta=\count274
)
\@linkdim=\dimen152
\Hy@linkcounter=\count275
\Hy@pagecounter=\count276

(/usr/share/texlive/texmf-dist/tex/latex/hyperref/pd1enc.def
File: pd1enc.def 2024-01-20 v7.01h Hyperref: PDFDocEncoding definition (HO)
Now handling font encoding PD1 ...
... no UTF-8 mapping file for font encoding PD1
)
(/usr/share/texlive/texmf-dist/tex/generic/intcalc/intcalc.sty
Package: intcalc 2019/12/15 v1.3 Expandable calculations with integers (HO)
)
\Hy@SavedSpaceFactor=\count277

(/usr/share/texlive/texmf-dist/tex/latex/hyperref/puenc.def
File: puenc.def 2024-01-20 v7.01h Hyperref: PDF Unicode definition (HO)
Now handling font encoding PU ...
... no UTF-8 mapping file for font encoding PU
)
Package hyperref Info: Hyper figures OFF on input line 4179.
Package hyperref Info: Link nesting OFF on input line 4184.
Package hyperref Info: Hyper index ON on input line 4187.
Package hyperref Info: Plain pages OFF on input line 4194.
Package hyperref Info: Backreferencing OFF on input line 4199.
Package hyperref Info: Implicit mode ON; LaTeX internals redefined.
Package hyperref Info: Bookmarks ON on input line 4446.
\c@Hy@tempcnt=\count278

(/usr/share/texlive/texmf-dist/tex/latex/url/url.sty
\Urlmuskip=\muskip17
Package: url 2013/09/16  ver 3.4  Verb mode for urls, etc.
)
LaTeX Info: Redefining \url on input line 4784.
\XeTeXLinkMargin=\dimen153

(/usr/share/texlive/texmf-dist/tex/generic/bitset/bitset.sty
Package: bitset 2019/12/09 v1.3 Handle bit-vector datatype (HO)

(/usr/share/texlive/texmf-dist/tex/generic/bigintcalc/bigintcalc.sty
Package: bigintcalc 2019/12/15 v1.5 Expandable calculations on big integers (HO
)
))
\Fld@menulength=\count279
\Field@Width=\dimen154
\Fld@charsize=\dimen155
Package hyperref Info: Hyper figures OFF on input line 6063.
Package hyperref Info: Link nesting OFF on input line 6068.
Package hyperref Info: Hyper index ON on input line 6071.
Package hyperref Info: backreferencing OFF on input line 6078.
Package hyperref Info: Link coloring OFF on input line 6083.
Package hyperref Info: Link coloring with OCG OFF on input line 6088.
Package hyperref Info: PDF/A mode OFF on input line 6093.

(/usr/share/texlive/texmf-dist/tex/latex/base/atbegshi-ltx.sty
Package: atbegshi-ltx 2021/01/10 v1.0c Emulation of the original atbegshi
package with kernel methods
)
\Hy@abspage=\count280
\c@Item=\count281
\c@Hfootnote=\count282
)
Package hyperref Info: Driver (autodetected): hpdftex.

(/usr/share/texlive/texmf-dist/tex/latex/hyperref/hpdftex.def
File: hpdftex.def 2024-01-20 v7.01h Hyperref driver for pdfTeX

(/usr/share/texlive/texmf-dist/tex/latex/base/atveryend-ltx.sty
Package: atveryend-ltx 2020/08/19 v1.0a Emulation of the original atveryend pac
kage
with kernel methods
)
\Fld@listcount=\count283
\c@bookmark@seq@number=\count284

(/usr/share/texlive/texmf-dist/tex/latex/rerunfilecheck/rerunfilecheck.sty
Package: rerunfilecheck 2022-07-10 v1.10 Rerun checks for auxiliary files (HO)

(/usr/share/texlive/texmf-dist/tex/generic/uniquecounter/uniquecounter.sty
Package: uniquecounter 2019/12/15 v1.4 Provide unlimited unique counter (HO)
)
Package uniquecounter Info: New unique counter `rerunfilecheck' on input line 2
85.
)
\Hy@SectionHShift=\skip53
)
(/usr/share/texlive/texmf-dist/tex/latex/graphics/color.sty
Package: color 2022/01/06 v1.3d Standard LaTeX Color (DPC)

(/usr/share/texlive/texmf-dist/tex/latex/graphics-cfg/color.cfg
File: color.cfg 2016/01/02 v1.6 sample color configuration
)
Package color Info: Driver file: pdftex.def on input line 149.

(/usr/share/texlive/texmf-dist/tex/latex/graphics/mathcolor.ltx))
(/usr/share/texlive/texmf-dist/tex/latex/l3backend/l3backend-pdftex.def
File: l3backend-pdftex.def 2024-01-04 L3 backend support: PDF output (pdfTeX)
\l__color_backend_stack_int=\count285
\l__pdf_internal_box=\box53
)
(./arith_no_incomplete_symbols_p.aux)
\openout1 = `arith_no_incomplete_symbols_p.aux'.

LaTeX Font Info:    Checking defaults for OML/cmm/m/it on input line 14.
LaTeX Font Info:    ... okay on input line 14.
LaTeX Font Info:    Checking defaults for OMS/cmsy/m/n on input line 14.
LaTeX Font Info:    ... okay on input line 14.
LaTeX Font Info:    Checking defaults for OT1/cmr/m/n on input line 14.
LaTeX Font Info:    ... okay on input line 14.
LaTeX Font Info:    Checking defaults for T1/cmr/m/n on input line 14.
LaTeX Font Info:    ... okay on input line 14.
LaTeX Font Info:    Checking defaults for TS1/cmr/m/n on input line 14.
LaTeX Font Info:    ... okay on input line 14.
LaTeX Font Info:    Checking defaults for OMX/cmex/m/n on input line 14.
LaTeX Font Info:    ... okay on input line 14.
LaTeX Font Info:    Checking defaults for U/cmr/m/n on input line 14.
LaTeX Font Info:    ... okay on input line 14.
LaTeX Font Info:    Checking defaults for PD1/pdf/m/n on input line 14.
LaTeX Font Info:    ... okay on input line 14.
LaTeX Font Info:    Checking defaults for PU/pdf/m/n on input line 14.
LaTeX Font Info:    ... okay on input line 14.

(/usr/share/texlive/texmf-dist/tex/context/base/mkii/supp-pdf.mkii
[Loading MPS to PDF converter (version 2006.09.02).]
\scratchcounter=\count286
\scratchdimen=\dimen156
\scratchbox=\box54
\nofMPsegments=\count287
\nofMParguments=\count288
\everyMPshowfont=\toks24
\MPscratchCnt=\count289
\MPscratchDim=\dimen157
\MPnumerator=\count290
\makeMPintoPDFobject=\count291
\everyMPtoPDFconversion=\toks25
) (/usr/share/texlive/texmf-dist/tex/latex/epstopdf-pkg/epstopdf-base.sty
Package: epstopdf-base 2020-01-24 v2.11 Base part for package epstopdf
Package epstopdf-base Info: Redefining graphics rule for `.eps' on input line 4
85.

(/usr/share/texlive/texmf-dist/tex/latex/latexconfig/epstopdf-sys.cfg
File: epstopdf-sys.cfg 2010/07/13 v1.3 Configuration of (r)epstopdf for TeX Liv
e
))
Package hyperref Info: Link coloring OFF on input line 14.

(./arith_no_incomplete_symbols_p.out) (./arith_no_incomplete_symbols_p.out)
\@outlinefile=\write3
\openout3 = `arith_no_incomplete_symbols_p.out'.

LaTeX Font Info:    Trying to load font information for U+msa on input line 19.


(/usr/share/texlive/texmf-dist/tex/latex/amsfonts/umsa.fd
File: umsa.fd 2013/01/14 v3.01 AMS symbols A
)
LaTeX Font Info:    Trying to load font information for U+msb on input line 19.


(/usr/share/texlive/texmf-dist/tex/latex/amsfonts/umsb.fd
File: umsb.fd 2013/01/14 v3.01 AMS symbols B
) [1

{/var/lib/texmf/fonts/map/pdftex/updmap/pdftex.map}]
Overfull \hbox (0.92326pt too wide) in paragraph at lines 53--57
[]\OT1/cmr/m/n/12 Here is a back-ground for my the-ory. It does not ex-actly re
p-re-sent Bertrand
 []

[2] [3]
Overfull \hbox (14.23143pt too wide) in paragraph at lines 204--205
[]$[]\OT1/cmr/m/n/12 402[]5[] [] (\OML/cmm/m/it/12 y\OT1/cmr/m/n/12 )([]\OML/cm
m/m/it/12 F\OT1/cmr/m/n/12 )\OML/cmm/m/it/12 qqqq\OT1/cmr/m/n/12 [\OML/cmm/m/it
/12 Acq; person; time; F\OT1/cmr/m/n/12 ] [] \OML/cmm/m/it/12 qqqq\OT1/cmr/m/n/
12 [\OML/cmm/m/it/12 F; y\OT1/cmr/m/n/12 ] [] (\OML/cmm/m/it/12 z\OT1/cmr/m/n/1
2 )\OML/cmm/m/it/12 F\OT1/cmr/m/n/12 [\OML/cmm/m/it/12 z\OT1/cmr/m/n/12 ] [] \O
ML/cmm/m/it/12 qqqq\OT1/cmr/m/n/12 [\OML/cmm/m/it/12 ID; z; y\OT1/cmr/m/n/12 ]$
 
 []

[4]
Overfull \hbox (7.81305pt too wide) in paragraph at lines 251--252
[]$[]\OT1/cmr/m/n/12 402[]10\OML/cmm/m/it/12 qqqq\OT1/cmr/m/n/12 [\OML/cmm/m/it
/12 naturaluniversal; x\OT1/cmr/m/n/12 ]$ - Nat-u-ral Uni-ver-sals (Pos-si-bly 
e.g. green,
 []

[5]
Overfull \hbox (26.79324pt too wide) in paragraph at lines 313--314
[]$[]\OT1/cmr/m/n/12 402[]18[] \OML/cmm/m/it/12 qqqq\OT1/cmr/m/n/12 [\OML/cmm/m
/it/12 cnvrrss; p; t; o; w\OT1/cmr/m/n/12 ] [] [] \OML/cmm/m/it/12 qqqq\OT1/cmr
/m/n/12 [\OML/cmm/m/it/12 cnvssss; p; t; o; i\OT1/cmr/m/n/12 ] [] \OML/cmm/m/it
/12 qqqq\OT1/cmr/m/n/12 [\OML/cmm/m/it/12 cnvrrrr; p; t; i; w\OT1/cmr/m/n/12 ]$
 
 []


Overfull \hbox (47.97087pt too wide) in paragraph at lines 319--320
[]$[]\OT1/cmr/m/n/12 402[]18[] \OML/cmm/m/it/12 qqqq\OT1/cmr/m/n/12 [\OML/cmm/m
/it/12 cnvrrss; p; t; o; w\OT1/cmr/m/n/12 ] [] (\OML/cmm/m/it/12 qqqq\OT1/cmr/m
/n/12 [\OML/cmm/m/it/12 cnvssss; p; t; o; i\OT1/cmr/m/n/12 ]) \OMS/cmsy/m/n/12 
^ \OT1/cmr/m/n/12 (\OML/cmm/m/it/12 qqqq\OT1/cmr/m/n/12 [\OML/cmm/m/it/12 cnvrr
rr; p; t; i; w\OT1/cmr/m/n/12 ])$ 
 []


Overfull \hbox (19.04321pt too wide) in paragraph at lines 322--323
[]$[]\OT1/cmr/m/n/12 402[]19[] \OML/cmm/m/it/12 qqqq\OT1/cmr/m/n/12 [\OML/cmm/m
/it/12 cnvrrtt; p; t; o; w\OT1/cmr/m/n/12 ] [] [] \OML/cmm/m/it/12 qqqq\OT1/cmr
/m/n/12 [\OML/cmm/m/it/12 cnvtttt; p; t; o; i\OT1/cmr/m/n/12 ] [] \OML/cmm/m/it
/12 qqqq\OT1/cmr/m/n/12 [\OML/cmm/m/it/12 cnvrrrr; p; t; i; w\OT1/cmr/m/n/12 ]$
 
 []


Overfull \hbox (40.22084pt too wide) in paragraph at lines 328--329
[]$[]\OT1/cmr/m/n/12 402[]19[] \OML/cmm/m/it/12 qqqq\OT1/cmr/m/n/12 [\OML/cmm/m
/it/12 cnvrrtt; p; t; o; w\OT1/cmr/m/n/12 ] [] (\OML/cmm/m/it/12 qqqq\OT1/cmr/m
/n/12 [\OML/cmm/m/it/12 cnvtttt; p; t; o; i\OT1/cmr/m/n/12 ]) \OMS/cmsy/m/n/12 
^ \OT1/cmr/m/n/12 (\OML/cmm/m/it/12 qqqq\OT1/cmr/m/n/12 [\OML/cmm/m/it/12 cnvrr
rr; p; t; i; w\OT1/cmr/m/n/12 ])$ 
 []

[6]
Overfull \hbox (56.61371pt too wide) in paragraph at lines 379--380
[]$[]\OT1/cmr/m/n/12 403[]2[] [] ([]\OML/cmm/m/it/12 x; y\OT1/cmr/m/n/12 )\OML/
cmm/m/it/12 qqqq\OT1/cmr/m/n/12 [\OML/cmm/m/it/12 bbbb; russell; now; x; y\OT1/
cmr/m/n/12 ] [] \OML/cmm/m/it/12 qqqq\OT1/cmr/m/n/12 [\OML/cmm/m/it/12 pob; x\O
T1/cmr/m/n/12 ] [] \OML/cmm/m/it/12 qqqq\OT1/cmr/m/n/12 [\OML/cmm/m/it/12 pos; 
y\OT1/cmr/m/n/12 ] [] (\OML/cmm/m/it/12 w\OT1/cmr/m/n/12 )\OML/cmm/m/it/12 qqqq
\OT1/cmr/m/n/12 [\OML/cmm/m/it/12 pob; w\OT1/cmr/m/n/12 ] []
 []


Overfull \hbox (11.61993pt too wide) in paragraph at lines 385--386
[]$[]\OT1/cmr/m/n/12 403[]2[] (([]\OML/cmm/m/it/12 x; y\OT1/cmr/m/n/12 )\OML/cm
m/m/it/12 qqqq\OT1/cmr/m/n/12 [\OML/cmm/m/it/12 bbbb; russell; now; x; y\OT1/cm
r/m/n/12 ]) \OMS/cmsy/m/n/12 ^ \OT1/cmr/m/n/12 (\OML/cmm/m/it/12 qqqq\OT1/cmr/m
/n/12 [\OML/cmm/m/it/12 pob; x\OT1/cmr/m/n/12 ]) \OMS/cmsy/m/n/12 ^ \OT1/cmr/m/
n/12 (\OML/cmm/m/it/12 qqqq\OT1/cmr/m/n/12 [\OML/cmm/m/it/12 pos; y\OT1/cmr/m/n
/12 ]) \OMS/cmsy/m/n/12 ^
 []

[7] [8]
Overfull \hbox (16.61435pt too wide) in paragraph at lines 461--462
[]$[]\OT1/cmr/m/n/12 404[]7[] (\OML/cmm/m/it/12 qqqq\OT1/cmr/m/n/12 [\OML/cmm/m
/it/12 bbbb; tom; now; tiob; tios\OT1/cmr/m/n/12 ]) \OMS/cmsy/m/n/12 ^ \OT1/cmr
/m/n/12 (([]\OML/cmm/m/it/12 x\OT1/cmr/m/n/12 )\OML/cmm/m/it/12 qqqq\OT1/cmr/m/
n/12 [\OML/cmm/m/it/12 ssss; tom; now; tiob; x\OT1/cmr/m/n/12 ]) \OMS/cmsy/m/n/
12 ^
 []


Overfull \hbox (6.86282pt too wide) in paragraph at lines 471--472
[]$[]\OT1/cmr/m/n/12 404[]8[] [] \OML/cmm/m/it/12 qqqq\OT1/cmr/m/n/12 [\OML/cmm
/m/it/12 bbbb; tom; now; tiob; tios\OT1/cmr/m/n/12 ] [] ([]\OML/cmm/m/it/12 x\O
T1/cmr/m/n/12 )\OML/cmm/m/it/12 qqqq\OT1/cmr/m/n/12 [\OML/cmm/m/it/12 cnvrrrr; 
tom; now; tiob; x\OT1/cmr/m/n/12 ] []
 []


Overfull \hbox (34.49046pt too wide) in paragraph at lines 477--478
[]$[]\OT1/cmr/m/n/12 404[]8[] (\OML/cmm/m/it/12 qqqq\OT1/cmr/m/n/12 [\OML/cmm/m
/it/12 bbbb; tom; now; tiob; tios\OT1/cmr/m/n/12 ]) \OMS/cmsy/m/n/12 ^ \OT1/cmr
/m/n/12 (([]\OML/cmm/m/it/12 x\OT1/cmr/m/n/12 )\OML/cmm/m/it/12 qqqq\OT1/cmr/m/
n/12 [\OML/cmm/m/it/12 cnvrrrr; tom; now; tiob; x\OT1/cmr/m/n/12 ]) \OMS/cmsy/m
/n/12 ^
 []


Overfull \hbox (10.953pt too wide) in paragraph at lines 482--483
[]$[]\OT1/cmr/m/n/12 404[]9[] [] \OML/cmm/m/it/12 qqqq\OT1/cmr/m/n/12 [\OML/cmm
/m/it/12 bbbb; tom; now; tiob; tios\OT1/cmr/m/n/12 ] [] ([]\OML/cmm/m/it/12 w\O
T1/cmr/m/n/12 )\OML/cmm/m/it/12 qqqq\OT1/cmr/m/n/12 [\OML/cmm/m/it/12 cnvrrrr; 
tom; now; tiob; w\OT1/cmr/m/n/12 ] []
 []


Overfull \hbox (88.13356pt too wide) in paragraph at lines 482--483
\OT1/cmr/m/n/12 ([]\OML/cmm/m/it/12 x\OT1/cmr/m/n/12 )\OML/cmm/m/it/12 qqqq\OT1
/cmr/m/n/12 [\OML/cmm/m/it/12 cnvrrrr; tom; now; tios; x\OT1/cmr/m/n/12 ] [] \O
ML/cmm/m/it/12 qqqq\OT1/cmr/m/n/12 [\OML/cmm/m/it/12 says; tom; now; x; y\OT1/c
mr/m/n/12 ] [] ([]\OML/cmm/m/it/12 y\OT1/cmr/m/n/12 )\OML/cmm/m/it/12 qqqq\OT1/
cmr/m/n/12 [\OML/cmm/m/it/12 ssss; tom; now; tiob; y\OT1/cmr/m/n/12 ] []
 []


Overfull \hbox (38.58064pt too wide) in paragraph at lines 488--489
[]$[]\OT1/cmr/m/n/12 404[]9[] (\OML/cmm/m/it/12 qqqq\OT1/cmr/m/n/12 [\OML/cmm/m
/it/12 bbbb; tom; now; tiob; tios\OT1/cmr/m/n/12 ]) \OMS/cmsy/m/n/12 ^ \OT1/cmr
/m/n/12 (([]\OML/cmm/m/it/12 w\OT1/cmr/m/n/12 )\OML/cmm/m/it/12 qqqq\OT1/cmr/m/
n/12 [\OML/cmm/m/it/12 cnvrrrr; tom; now; tiob; w\OT1/cmr/m/n/12 ]) \OMS/cmsy/m
/n/12 ^
 []


Overfull \hbox (134.89998pt too wide) in paragraph at lines 488--489
\OT1/cmr/m/n/12 (([]\OML/cmm/m/it/12 x\OT1/cmr/m/n/12 )\OML/cmm/m/it/12 qqqq\OT
1/cmr/m/n/12 [\OML/cmm/m/it/12 cnvrrrr; tom; now; tios; x\OT1/cmr/m/n/12 ]) \OM
S/cmsy/m/n/12 ^ \OT1/cmr/m/n/12 (\OML/cmm/m/it/12 qqqq\OT1/cmr/m/n/12 [\OML/cmm
/m/it/12 says; tom; now; x; y\OT1/cmr/m/n/12 ]) \OMS/cmsy/m/n/12 ^ \OT1/cmr/m/n
/12 (([]\OML/cmm/m/it/12 y\OT1/cmr/m/n/12 )\OML/cmm/m/it/12 qqqq\OT1/cmr/m/n/12
 [\OML/cmm/m/it/12 ssss; tom; now; tiob; y\OT1/cmr/m/n/12 ]) \OMS/cmsy/m/n/12 ^

 []

[9] [10]
Overfull \hbox (20.42865pt too wide) in paragraph at lines 567--568
[]$[]\OT1/cmr/m/n/12 407[]2[] [] \OML/cmm/m/it/12 qqqq\OT1/cmr/m/n/12 [\OML/cmm
/m/it/12 instantiatesone; X\OT1/cmr/m/n/12 ] [] ([]\OML/cmm/m/it/12 z\OT1/cmr/m
/n/12 )\OML/cmm/m/it/12 qqqq\OT1/cmr/m/n/12 [\OML/cmm/m/it/12 X; z\OT1/cmr/m/n/
12 ] [] (\OML/cmm/m/it/12 w\OT1/cmr/m/n/12 )\OML/cmm/m/it/12 qqqq\OT1/cmr/m/n/1
2 [\OML/cmm/m/it/12 X; w\OT1/cmr/m/n/12 ] [] [] [] [\OML/cmm/m/it/12 ID; z; w\O
T1/cmr/m/n/12 ]$ 
 []

[11]
Overfull \hbox (80.12984pt too wide) in paragraph at lines 610--611
[]$[]\OT1/cmr/m/n/12 407[]10[] [] (\OML/cmm/m/it/12 W; X; Y; Z\OT1/cmr/m/n/12 )
\OML/cmm/m/it/12 qqqq\OT1/cmr/m/n/12 [\OML/cmm/m/it/12 instnatural; W\OT1/cmr/m
/n/12 ] [] \OML/cmm/m/it/12 qqqq\OT1/cmr/m/n/12 [\OML/cmm/m/it/12 instnatural; 
X\OT1/cmr/m/n/12 ] [] \OML/cmm/m/it/12 qqqq\OT1/cmr/m/n/12 [\OML/cmm/m/it/12 in
stssum; Y; W; X\OT1/cmr/m/n/12 ] []
 []


Overfull \hbox (61.11893pt too wide) in paragraph at lines 616--617
\OT1/cmr/m/n/12 (\OML/cmm/m/it/12 qqqq\OT1/cmr/m/n/12 [\OML/cmm/m/it/12 instssu
m; Y; W; X\OT1/cmr/m/n/12 ]) \OMS/cmsy/m/n/12 ^ \OT1/cmr/m/n/12 (\OML/cmm/m/it/
12 qqqq\OT1/cmr/m/n/12 [\OML/cmm/m/it/12 instsum; Z; X; W\OT1/cmr/m/n/12 ])) []
 ((\OML/cmm/m/it/12 qqqq\OT1/cmr/m/n/12 [\OML/cmm/m/it/12 instssamenatural; Y; 
Z\OT1/cmr/m/n/12 ]))$ 
 []


Overfull \hbox (5.87083pt too wide) in paragraph at lines 627--628
[]$[]\OT1/cmr/m/n/12 407[]11[] \OML/cmm/m/it/12 function\OT1/cmr/m/n/12 [\OML/c
mm/m/it/12 R\OT1/cmr/m/n/12 ] [] [] (\OML/cmm/m/it/12 u; v; w\OT1/cmr/m/n/12 )\
OML/cmm/m/it/12 qqqq\OT1/cmr/m/n/12 [\OML/cmm/m/it/12 R; u; v\OT1/cmr/m/n/12 ] 
[] \OML/cmm/m/it/12 qqqq\OT1/cmr/m/n/12 [\OML/cmm/m/it/12 R; u; w\OT1/cmr/m/n/1
2 ] [] [] [] \OML/cmm/m/it/12 qqqq\OT1/cmr/m/n/12 [\OML/cmm/m/it/12 ID; v; w\OT
1/cmr/m/n/12 ]$ 
 []


Overfull \hbox (38.2261pt too wide) in paragraph at lines 633--634
[]$[]\OT1/cmr/m/n/12 407[]11[] \OML/cmm/m/it/12 function\OT1/cmr/m/n/12 [\OML/c
mm/m/it/12 R\OT1/cmr/m/n/12 ] [] (((\OML/cmm/m/it/12 u; v; w\OT1/cmr/m/n/12 )\O
ML/cmm/m/it/12 qqqq\OT1/cmr/m/n/12 [\OML/cmm/m/it/12 R; u; v\OT1/cmr/m/n/12 ]) 
\OMS/cmsy/m/n/12 ^ \OT1/cmr/m/n/12 (\OML/cmm/m/it/12 qqqq\OT1/cmr/m/n/12 [\OML/
cmm/m/it/12 R; u; w\OT1/cmr/m/n/12 ])) [] (\OML/cmm/m/it/12 qqqq\OT1/cmr/m/n/12
 [\OML/cmm/m/it/12 ID; v; w\OT1/cmr/m/n/12 ])$ 
 []


Overfull \hbox (9.6347pt too wide) in paragraph at lines 638--639
[]$[]\OT1/cmr/m/n/12 407[]12[] \OML/cmm/m/it/12 lfunction\OT1/cmr/m/n/12 [\OML/
cmm/m/it/12 R\OT1/cmr/m/n/12 ] [] [] (\OML/cmm/m/it/12 u; v; w\OT1/cmr/m/n/12 )
\OML/cmm/m/it/12 qqqq\OT1/cmr/m/n/12 [\OML/cmm/m/it/12 R; v; u\OT1/cmr/m/n/12 ]
 [] \OML/cmm/m/it/12 qqqq\OT1/cmr/m/n/12 [\OML/cmm/m/it/12 R; w; u\OT1/cmr/m/n/
12 ] [] [] [] \OML/cmm/m/it/12 qqqq\OT1/cmr/m/n/12 [\OML/cmm/m/it/12 ID; v; w\O
T1/cmr/m/n/12 ]$ 
 []


Overfull \hbox (41.98997pt too wide) in paragraph at lines 644--645
[]$[]\OT1/cmr/m/n/12 407[]12[] \OML/cmm/m/it/12 lfunction\OT1/cmr/m/n/12 [\OML/
cmm/m/it/12 R\OT1/cmr/m/n/12 ] [] (((\OML/cmm/m/it/12 u; v; w\OT1/cmr/m/n/12 )\
OML/cmm/m/it/12 qqqq\OT1/cmr/m/n/12 [\OML/cmm/m/it/12 R; v; u\OT1/cmr/m/n/12 ])
 \OMS/cmsy/m/n/12 ^ \OT1/cmr/m/n/12 (\OML/cmm/m/it/12 qqqq\OT1/cmr/m/n/12 [\OML
/cmm/m/it/12 R; w; u\OT1/cmr/m/n/12 ])) [] (\OML/cmm/m/it/12 qqqq\OT1/cmr/m/n/1
2 [\OML/cmm/m/it/12 ID; v; w\OT1/cmr/m/n/12 ])$ 
 []

[12]
Overfull \hbox (66.46947pt too wide) in paragraph at lines 649--650
[]$[]\OT1/cmr/m/n/12 407[]13[] \OML/cmm/m/it/12 qqqq\OT1/cmr/m/n/12 [\OML/cmm/m
/it/12 onetoone; R\OT1/cmr/m/n/12 ] [] [] \OML/cmm/m/it/12 qqqq\OT1/cmr/m/n/12 
[\OML/cmm/m/it/12 function; R\OT1/cmr/m/n/12 ] [] \OML/cmm/m/it/12 qqqq\OT1/cmr
/m/n/12 [\OML/cmm/m/it/12 lfunction; R\OT1/cmr/m/n/12 ] [] (\OML/cmm/m/it/12 x\
OT1/cmr/m/n/12 )([]\OML/cmm/m/it/12 y\OT1/cmr/m/n/12 )\OML/cmm/m/it/12 qqqq\OT1
/cmr/m/n/12 [\OML/cmm/m/it/12 R; x; y\OT1/cmr/m/n/12 ] []
 []


Overfull \hbox (0.21526pt too wide) in paragraph at lines 655--656
[]$[]\OT1/cmr/m/n/12 407[]13[] \OML/cmm/m/it/12 qqqq\OT1/cmr/m/n/12 [\OML/cmm/m
/it/12 onetoone; R\OT1/cmr/m/n/12 ] [] ((\OML/cmm/m/it/12 qqqq\OT1/cmr/m/n/12 [
\OML/cmm/m/it/12 function; R\OT1/cmr/m/n/12 ]) \OMS/cmsy/m/n/12 ^ \OT1/cmr/m/n/
12 (\OML/cmm/m/it/12 qqqq\OT1/cmr/m/n/12 [\OML/cmm/m/it/12 lfunction; R\OT1/cmr
/m/n/12 ])) \OMS/cmsy/m/n/12 ^
 []


Overfull \hbox (6.2998pt too wide) in paragraph at lines 672--673
[]$[]\OT1/cmr/m/n/12 407[]14[] \OML/cmm/m/it/12 qqqq\OT1/cmr/m/n/12 [\OML/cmm/m
/it/12 instssucc; Y; X\OT1/cmr/m/n/12 ] [] [] ([]\OML/cmm/m/it/12 Z\OT1/cmr/m/n
/12 )\OML/cmm/m/it/12 qqqq\OT1/cmr/m/n/12 [\OML/cmm/m/it/12 onetoone; Z; X\OT1/
cmr/m/n/12 ] [] (\OML/cmm/m/it/12 w\OT1/cmr/m/n/12 )\OML/cmm/m/it/12 qqqq\OT1/c
mr/m/n/12 [\OML/cmm/m/it/12 Z; w\OT1/cmr/m/n/12 ] []
 []


Overfull \hbox (27.47743pt too wide) in paragraph at lines 678--679
[]$[]\OT1/cmr/m/n/12 407[]14[] \OML/cmm/m/it/12 qqqq\OT1/cmr/m/n/12 [\OML/cmm/m
/it/12 instssucc; Y; X\OT1/cmr/m/n/12 ] [] ((([]\OML/cmm/m/it/12 Z\OT1/cmr/m/n/
12 )\OML/cmm/m/it/12 qqqq\OT1/cmr/m/n/12 [\OML/cmm/m/it/12 onetoone; Z; X\OT1/c
mr/m/n/12 ]) \OMS/cmsy/m/n/12 ^ \OT1/cmr/m/n/12 ((\OML/cmm/m/it/12 w\OT1/cmr/m/
n/12 )\OML/cmm/m/it/12 qqqq\OT1/cmr/m/n/12 [\OML/cmm/m/it/12 Z; w\OT1/cmr/m/n/1
2 ] []
 []


Overfull \hbox (44.83537pt too wide) in paragraph at lines 684--685
[]$[]\OT1/cmr/m/n/12 407[]15[] \OML/cmm/m/it/12 infaxiom [] [] \OT1/cmr/m/n/12 
([]\OML/cmm/m/it/12 X\OT1/cmr/m/n/12 )\OML/cmm/m/it/12 qqqq\OT1/cmr/m/n/12 [\OM
L/cmm/m/it/12 instantiatesone; X\OT1/cmr/m/n/12 ] [] (\OML/cmm/m/it/12 Y\OT1/cm
r/m/n/12 )([]\OML/cmm/m/it/12 Z\OT1/cmr/m/n/12 )\OML/cmm/m/it/12 qqqq\OT1/cmr/m
/n/12 [\OML/cmm/m/it/12 instssucc; Y; Z\OT1/cmr/m/n/12 ]$ 
 []


Overfull \hbox (66.013pt too wide) in paragraph at lines 690--691
[]$[]\OT1/cmr/m/n/12 407[]15[] \OML/cmm/m/it/12 infaxiom [] \OT1/cmr/m/n/12 (([
]\OML/cmm/m/it/12 X\OT1/cmr/m/n/12 )\OML/cmm/m/it/12 qqqq\OT1/cmr/m/n/12 [\OML/
cmm/m/it/12 instantiatesone; X\OT1/cmr/m/n/12 ]) \OMS/cmsy/m/n/12 ^ \OT1/cmr/m/
n/12 ((\OML/cmm/m/it/12 Y\OT1/cmr/m/n/12 )([]\OML/cmm/m/it/12 Z\OT1/cmr/m/n/12 
)\OML/cmm/m/it/12 qqqq\OT1/cmr/m/n/12 [\OML/cmm/m/it/12 instssucc; Y; Z\OT1/cmr
/m/n/12 ])$ 
 []

[13] [14] (./arith_no_incomplete_symbols_p.aux)
 ***********
LaTeX2e <2023-11-01> patch level 1
L3 programming layer <2024-01-22>
 ***********
Package rerunfilecheck Info: File `arith_no_incomplete_symbols_p.out' has not c
hanged.
(rerunfilecheck)             Checksum: D41D8CD98F00B204E9800998ECF8427E;0.
 ) 
Here is how much of TeX's memory you used:
 10314 strings out of 476182
 151482 string characters out of 5795594
 1946975 words of memory out of 5000000
 32164 multiletter control sequences out of 15000+600000
 571352 words of font info for 85 fonts, out of 8000000 for 9000
 14 hyphenation exceptions out of 8191
 75i,12n,79p,1102b,440s stack positions out of 10000i,1000n,20000p,200000b,200000s
</usr/share/texlive/texmf-dist/fonts/type1/public/amsfonts/cm/cmbsy10.pfb></u
sr/share/texlive/texmf-dist/fonts/type1/public/amsfonts/cm/cmbx12.pfb></usr/sha
re/texlive/texmf-dist/fonts/type1/public/amsfonts/cm/cmmi12.pfb></usr/share/tex
live/texmf-dist/fonts/type1/public/amsfonts/cm/cmr12.pfb></usr/share/texlive/te
xmf-dist/fonts/type1/public/amsfonts/cm/cmr17.pfb></usr/share/texlive/texmf-dis
t/fonts/type1/public/amsfonts/cm/cmsy10.pfb></usr/share/texlive/texmf-dist/font
s/type1/urw/zapfding/uzdr.pfb>
Output written on arith_no_incomplete_symbols_p.pdf (14 pages, 121693 bytes).
PDF statistics:
 107 PDF objects out of 1000 (max. 8388607)
 76 compressed objects within 1 object stream
 15 named destinations out of 1000 (max. 500000)
 1 words of extra memory for PDF output out of 10000 (max. 10000000)

